{
  "package": "E:\\NovaCore\\tools\\NovaCore.App\\bin\\Release\\net10.0-windows",
  "scope": "canonical package parity",
  "files": 127,
  "nativeShaders": 66,
  "packageShaders": 66,
  "missingShaders": [],
  "extraShaders": [],
  "mismatchedShaderHashes": [],
  "nativeDllMatches": true,
  "nativeDllSha256": "79719B00774A7A3683D5C1820EFDA249EF3848ADAB1A4F00285B89EC1E50243A",
  "candidateFiles": 127,
  "missingCandidatePaths": [],
  "extraCandidatePaths": [],
  "changedCandidateHashes": [
    "NovaCore.ConstructionEditor.dll",
    "NovaCore.ConstructionEditor.pdb",
    "NovaCore.ConstructionEditor.runtimeconfig.json",
    "NovaCore.ConstructionEditor.staticwebassets.endpoints.json",
    "NovaCore.ConstructionEditor.staticwebassets.runtime.json",
    "NovaCore.Core.dll",
    "NovaCore.Core.pdb",
    "NovaCore.dll",
    "NovaCore.EphemerisFormat.dll",
    "NovaCore.EphemerisFormat.pdb",
    "NovaCore.Graphics.dll",
    "NovaCore.Graphics.pdb",
    "NovaCore.Interop.dll",
    "NovaCore.Interop.pdb",
    "NovaCore.Launcher.dll",
    "NovaCore.Launcher.pdb",
    "NovaCore.Launcher.runtimeconfig.json",
    "NovaCore.Native.dll",
    "NovaCore.pdb",
    "NovaCore.Platform.dll",
    "NovaCore.Platform.pdb",
    "NovaCore.runtimeconfig.json",
    "NovaCore.Simulation.dll",
    "NovaCore.Simulation.pdb",
    "NovaCore.Triangle.dll",
    "NovaCore.Triangle.pdb",
    "NovaCore.Triangle.runtimeconfig.json"
  ],
  "unchangedAssetWebLicenseFiles": 24,
  "changedAssetWebLicenseFiles": [],
  "executableSha256": "4A14FF8B27D9BD4D42867B4179679F02AFB9D6647B2AA07F05E74D8B59F581C8"
}
