Diagnostic session: C:\Users\Tyler\AppData\Local\NovaCore\Logs\20260929-222743-434-18380-48a19b4d1d1c4a5eb1fcd296c36caae3
Qualification recorder: C:\Users\Tyler\AppData\Local\NovaCore\MinimumRecorder\4a4209b4e3c1475b9c52a1381af588fb
GPU_MEMORY_UI phase=configuration sequence=3 sampleQpc=1557214994688 uiQpc=1557215014270 utc=2026-09-29T22:27:44.5580685Z status=Ready usage=0 budget=12299321344 capacity=17163091968 queryNs=3300 adapter=AMD Radeon RX 6800 XT uuid=00000000030000000000000000000000 luid=D6C4010000000000 luidValid=True vendor=1002 device=73BF heapMask=2 copyAndUiUs=1343.7
GPU_MEMORY_UI phase=configuration sequence=4 sampleQpc=1557224909302 uiQpc=1557224910430 utc=2026-09-29T22:27:45.5495304Z status=Ready usage=0 budget=12343361536 capacity=17163091968 queryNs=6900 adapter=AMD Radeon RX 6800 XT uuid=00000000030000000000000000000000 luid=D6C4010000000000 luidValid=True vendor=1002 device=73BF heapMask=2 copyAndUiUs=144.8
GPU_MEMORY_UI phase=configuration sequence=5 sampleQpc=1557234936068 uiQpc=1557234936792 utc=2026-09-29T22:27:46.5522069Z status=Ready usage=0 budget=12343361536 capacity=17163091968 queryNs=6700 adapter=AMD Radeon RX 6800 XT uuid=00000000030000000000000000000000 luid=D6C4010000000000 luidValid=True vendor=1002 device=73BF heapMask=2 copyAndUiUs=94.3
GPU_MEMORY_UI phase=configuration sequence=6 sampleQpc=1557245064878 uiQpc=1557245065787 utc=2026-09-29T22:27:47.5650881Z status=Ready usage=0 budget=12343361536 capacity=17163091968 queryNs=6900 adapter=AMD Radeon RX 6800 XT uuid=00000000030000000000000000000000 luid=D6C4010000000000 luidValid=True vendor=1002 device=73BF heapMask=2 copyAndUiUs=114.0
GPU_MEMORY_UI phase=configuration sequence=7 sampleQpc=1557255204582 uiQpc=1557255205296 utc=2026-09-29T22:27:48.5790583Z status=Ready usage=0 budget=12343361536 capacity=17163091968 queryNs=6500 adapter=AMD Radeon RX 6800 XT uuid=00000000030000000000000000000000 luid=D6C4010000000000 luidValid=True vendor=1002 device=73BF heapMask=2 copyAndUiUs=94.4
GPU_MEMORY_UI phase=configuration sequence=8 sampleQpc=1557265221649 uiQpc=1557265222476 utc=2026-09-29T22:27:49.5807652Z status=Ready usage=0 budget=12343361536 capacity=17163091968 queryNs=7600 adapter=AMD Radeon RX 6800 XT uuid=00000000030000000000000000000000 luid=D6C4010000000000 luidValid=True vendor=1002 device=73BF heapMask=2 copyAndUiUs=131.3
GPU_MEMORY_UI phase=configuration sequence=9 sampleQpc=1557275411604 uiQpc=1557275412154 utc=2026-09-29T22:27:50.5997605Z status=Ready usage=0 budget=12376391680 capacity=17163091968 queryNs=7000 adapter=AMD Radeon RX 6800 XT uuid=00000000030000000000000000000000 luid=D6C4010000000000 luidValid=True vendor=1002 device=73BF heapMask=2 copyAndUiUs=76.7
GPU_MEMORY_UI phase=configuration sequence=10 sampleQpc=1557285489716 uiQpc=1557285490681 utc=2026-09-29T22:27:51.6075721Z status=Ready usage=0 budget=12376391680 capacity=17163091968 queryNs=9900 adapter=AMD Radeon RX 6800 XT uuid=00000000030000000000000000000000 luid=D6C4010000000000 luidValid=True vendor=1002 device=73BF heapMask=2 copyAndUiUs=126.0
GPU_MEMORY_UI phase=configuration sequence=11 sampleQpc=1557295788390 uiQpc=1557295789323 utc=2026-09-29T22:27:52.6374392Z status=Ready usage=0 budget=12376391680 capacity=17163091968 queryNs=6900 adapter=AMD Radeon RX 6800 XT uuid=00000000030000000000000000000000 luid=D6C4010000000000 luidValid=True vendor=1002 device=73BF heapMask=2 copyAndUiUs=116.6
GPU_MEMORY_UI phase=configuration sequence=12 sampleQpc=1557305799586 uiQpc=1557305800468 utc=2026-09-29T22:27:53.6385593Z status=Ready usage=0 budget=12376391680 capacity=17163091968 queryNs=10200 adapter=AMD Radeon RX 6800 XT uuid=00000000030000000000000000000000 luid=D6C4010000000000 luidValid=True vendor=1002 device=73BF heapMask=2 copyAndUiUs=126.7
GPU_MEMORY_UI phase=configuration sequence=13 sampleQpc=1557315881707 uiQpc=1557315882233 utc=2026-09-29T22:27:54.6467708Z status=Ready usage=0 budget=12376391680 capacity=17163091968 queryNs=6200 adapter=AMD Radeon RX 6800 XT uuid=00000000030000000000000000000000 luid=D6C4010000000000 luidValid=True vendor=1002 device=73BF heapMask=2 copyAndUiUs=73.6
GPU_MEMORY_UI phase=configuration sequence=14 sampleQpc=1557326187028 uiQpc=1557326187820 utc=2026-09-29T22:27:55.6773032Z status=Ready usage=0 budget=12376391680 capacity=17163091968 queryNs=10100 adapter=AMD Radeon RX 6800 XT uuid=00000000030000000000000000000000 luid=D6C4010000000000 luidValid=True vendor=1002 device=73BF heapMask=2 copyAndUiUs=109.5
GPU_MEMORY_UI phase=configuration sequence=15 sampleQpc=1557336292843 uiQpc=1557336293393 utc=2026-09-29T22:27:56.6878847Z status=Ready usage=0 budget=12376391680 capacity=17163091968 queryNs=8200 adapter=AMD Radeon RX 6800 XT uuid=00000000030000000000000000000000 luid=D6C4010000000000 luidValid=True vendor=1002 device=73BF heapMask=2 copyAndUiUs=79.5
GPU_MEMORY_UI phase=configuration sequence=16 sampleQpc=1557346354326 uiQpc=1557346354833 utc=2026-09-29T22:27:57.6940328Z status=Ready usage=0 budget=12376391680 capacity=17163091968 queryNs=7100 adapter=AMD Radeon RX 6800 XT uuid=00000000030000000000000000000000 luid=D6C4010000000000 luidValid=True vendor=1002 device=73BF heapMask=2 copyAndUiUs=73.2
GPU_MEMORY_UI phase=loading sequence=17 sampleQpc=1557358875670 uiQpc=1557358876258 utc=2026-09-29T22:27:58.9461671Z status=Ready usage=0 budget=12376391680 capacity=17163091968 queryNs=6400 adapter=AMD Radeon RX 6800 XT uuid=00000000030000000000000000000000 luid=D6C4010000000000 luidValid=True vendor=1002 device=73BF heapMask=2 copyAndUiUs=92.9
PLAYER_LOADING stage=Core · checking planetary data monotonic=1557358998125
Earth route policy: scene=sol; owner=NCSM1; physicalGeneration=4; focus=None; altitude=; site=land; anchoredInstantiated=false; manualAcceptance=passed.
Physical surface authority: generation=4; mode=M12DNaturalTerrainCandidate.
PLAYER_LOADING stage=Universe · preparing Solar system monotonic=1557362808248
Scene: sol; bodies=10; instant=843992948538296; rate=1:1; physical body radii plus screen-space markers; trajectory paths=9 x 128 segments.
Solar startup: UTC=2026-09-29T22:27:59.3559451+00:00; SimulationInstant=843992948538296 ticks (843992948.538296 ET seconds from J2000).
Controls: LMB/RMB drag orbit or surface yaw/pitch, wheel zoom, E attach/detach surface-relative camera, surface WASD with Shift fast/Ctrl slow, 1-0 focus, ,/. rate, Space pause, R Solar Map/home.
Runtime fingerprint: cwd=E:\NovaCore; process=E:\NovaCore\tools\NovaCore.App\bin\Release\net10.0-windows\NovaCore.exe; base=E:\NovaCore\tools\NovaCore.App\bin\Release\net10.0-windows\
Runtime managed: path=E:\NovaCore\tools\NovaCore.App\bin\Release\net10.0-windows\NovaCore.Triangle.dll; bytes=374784; sha256=c62335caee1c1bef7b2033ebfdcbab2c2f4101b4b1820cc069e5bef613d68c64
Runtime native-resolved: path=E:\NovaCore\tools\NovaCore.App\bin\Release\net10.0-windows\NovaCore.Native.dll; bytes=500736; sha256=47787e3e92b7985fd109310d0e688cf5541257472d0db172af845417e39e172e
Runtime production-fragment: path=E:\NovaCore\tools\NovaCore.App\bin\Release\net10.0-windows\shaders\planetary_production.frag.spv; bytes=152676; sha256=36cbc19f2a3871b2af253394a5ec16f75d278137b79141d3868125181d377973
Runtime production-tess-control: path=E:\NovaCore\tools\NovaCore.App\bin\Release\net10.0-windows\shaders\production_spherical_billboard.tesc.spv; bytes=15444; sha256=5c8bd5d3915e0fe8ef9e597cf17c2ef0e2101656d732392a6b5f9b7fe80d301c
Runtime production-tess-evaluation: path=E:\NovaCore\tools\NovaCore.App\bin\Release\net10.0-windows\shaders\production_spherical_billboard.tese.spv; bytes=22836; sha256=d0bc5d7a450f336d45c26c499b0b3a79ecc0258e1ffb9dee0b5bcfb8aa21d31e
Runtime distant-fragment: path=E:\NovaCore\tools\NovaCore.App\bin\Release\net10.0-windows\shaders\distant_planet.frag.spv; bytes=35760; sha256=04137afb1c632dfb7074480377d9f93136ab3127d382baeef07d52b09409eba8
Runtime terrain-v5: global=E:\NovaCore\.novacore\cache\terrain\v1\sha256\38\38ec671f475896f2c0a674e952f4121f117b18b1446bd363e3596bada4bf47ae.nccube; sha256=38ec671f475896f2c0a674e952f4121f117b18b1446bd363e3596bada4bf47ae; local=E:\NovaCore\.novacore\cache\terrain\v1\sha256\c4\c45c6d94e004e1a2927dc65d405a347b1800c619b22b2eb6b3543f3c445d3afe.nccube; localSha256=c45c6d94e004e1a2927dc65d405a347b1800c619b22b2eb6b3543f3c445d3afe; elevationOracle=E:\NovaCore\assets\earth\runtime\earth_elevation_8192x4096.r16; elevationOracleLoaded=True; elevationSha256=4600bc01767eb81404756af62c0ee87b4bc459b82de15dca6989df34fef76317
PLAYER_LOADING stage=Presentation · preparing camera and scene monotonic=1557364376480
PLAYER_LOADING_CANCELLED requested=true cleanup=complete
GPU_MEMORY_CLOSED timer=stopped renderer=retired sharedInstance=destroyed
Session ended; exitCode=0
