  Determining projects to restore...
  All projects are up-to-date for restore.
  Runtime shaders: Release, 66 owned, 0 obsolete removed
  NovaCore.Platform -> E:\NovaCore\src\NovaCore.Platform\bin\Release\net10.0\NovaCore.Platform.dll
  NovaCore.EphemerisFormat -> E:\NovaCore\src\NovaCore.EphemerisFormat\bin\Release\net10.0\NovaCore.EphemerisFormat.dll
  NovaCore.Interop -> E:\NovaCore\src\NovaCore.Interop\bin\Release\net10.0\NovaCore.Interop.dll
  NovaCore.Launcher -> E:\NovaCore\tools\NovaCore.Launcher\bin\Release\net10.0-windows\NovaCore.Launcher.dll
  NovaCore.Core -> E:\NovaCore\src\NovaCore.Core\bin\Release\net10.0\NovaCore.Core.dll
  NovaCore.Diagnostics -> E:\NovaCore\src\NovaCore.Diagnostics\bin\Release\net10.0-windows\NovaCore.Diagnostics.dll
  NovaCore.Simulation -> E:\NovaCore\src\NovaCore.Simulation\bin\Release\net10.0\NovaCore.Simulation.dll
  NovaCore.Graphics -> E:\NovaCore\src\NovaCore.Graphics\bin\Release\net10.0\NovaCore.Graphics.dll
  Runtime shaders: Release, 66 owned, 0 obsolete removed
  Runtime shaders: Release, 66 owned, 0 obsolete removed
  NovaCore.Triangle -> E:\NovaCore\samples\NovaCore.Triangle\bin\Release\net10.0\NovaCore.Triangle.dll
  NovaCore.ConstructionEditor -> E:\NovaCore\tools\NovaCore.ConstructionEditor\bin\Release\net10.0-windows\NovaCore.ConstructionEditor.dll
  NovaCore.Recorder -> E:\NovaCore\tools\NovaCore.Recorder\bin\Release\net10.0-windows\NovaCore.Recorder.dll
  NovaCore.App -> E:\NovaCore\tools\NovaCore.App\bin\Release\net10.0-windows\NovaCore.dll

Build succeeded.
    0 Warning(s)
    0 Error(s)

Time Elapsed 00:00:01.29
