PASS Debug: baseline
PASS Debug: missing_source
PASS Debug: missing_deployed
PASS Debug: corrupt_deployed
PASS Debug: unknown_extra
PASS Debug: owned_obsolete
PASS Debug: modified_obsolete
PASS Debug: forged_path
PASS Debug: contaminated_source
PASS Debug: wrong_manifest_agreement
PASS Debug: wrong_config
PASS Debug: wrong_cache_config
PASS Debug: wrong_source_and_manifest
PASS Debug: wrong_dll
PASS Debug: legacy_migration
PASS Release: baseline
PASS Release: missing_source
PASS Release: missing_deployed
PASS Release: corrupt_deployed
PASS Release: unknown_extra
PASS Release: owned_obsolete
PASS Release: modified_obsolete
PASS Release: forged_path
PASS Release: contaminated_source
PASS Release: wrong_manifest_agreement
PASS Release: wrong_config
PASS Release: wrong_cache_config
PASS Release: wrong_source_and_manifest
PASS Release: wrong_dll
PASS Release: legacy_migration
PASS 31 runtime shader deployment cases
